 seed  house rare    fixed     self     best  self_gain  best_gain
   11      0 heat   3681.0   3689.4   3378.2       -0.2        8.2
   11      1 cold 275150.0 275398.1 274465.5       -0.1        0.2
   11      2 heat  55128.2  56540.3  54998.0       -2.6        0.2
   11      3 heat   2264.3   2478.3   2264.3       -9.5        0.0
   11      4 none  44540.4  45323.0  42197.0       -1.8        5.3
   11      5 cold 301574.8 301545.6 301464.1        0.0        0.0
   11      6 heat   6169.0   6169.0   5853.9        0.0        5.1
   11      7 none   6294.4   6254.7   6128.5        0.6        2.6
   11      8 none  25674.7  26524.3  24960.8       -3.3        2.8
   11      9 cold 498394.1 498411.0 498358.2       -0.0        0.0
   12      0 cold  25081.8  25887.0  14815.7       -3.2       40.9
   12      1 none  33393.5  34341.9  32630.1       -2.8        2.3
   12      2 cold   7227.1   7459.9   6109.5       -3.2       15.5
   12      3 cold  54417.5  56405.4  53782.4       -3.7        1.2
   12      4 cold 554681.5 554681.5 554643.6        0.0        0.0
   12      5 heat   7617.2   7617.2   6552.7        0.0       14.0
   12      6 cold 338528.1 338527.3 338496.8        0.0        0.0
   12      7 heat   2709.1   2714.4   2464.1       -0.2        9.0
   12      8 cold 204171.3 204264.1 203799.4       -0.0        0.2
   12      9 heat  22519.9  23111.4  20372.9       -2.6        9.5
   13      0 none  73718.8  75951.7  73503.2       -3.0        0.3
   13      1 none  16972.3  16990.0  16609.0       -0.1        2.1
   13      2 none  51376.3  50925.6  36770.0        0.9       28.4
   13      3 heat   3980.3   3986.5   3535.5       -0.2       11.2
   13      4 none   5991.6   5991.6   5791.7        0.0        3.3
   13      5 heat 185988.0 186015.9 185720.6       -0.0        0.1
   13      6 heat   9290.0   9290.0   8471.9        0.0        8.8
   13      7 heat   6344.5   6652.7   5112.2       -4.9       19.4
   13      8 none 280818.8 281876.2 280247.7       -0.4        0.2
   13      9 cold 133314.5 133786.7 132264.8       -0.4        0.8

самообучение за год против нетронутого расписания: медиана -0.2%, помогло 13% домов
потолок (300 попыток на своём годе):              медиана +2.5%, помогло 97% домов
