 seed  house rare  g_ceiling  g_fund  g_fund_tuned  captured
   21      0 heat       30.5     3.6           4.4      14.3
   21      1 cold        5.6    -0.5           0.4       6.5
   21      2 none        0.9    -1.8          -0.4     -44.4
   21      3 cold        1.4    -0.5           0.4      25.3
   21      4 heat        7.5     1.7           4.5      60.5
   21      5 none        8.0     2.4           4.3      54.2
   21      6 none        1.3    -0.3          -0.1      -6.8
   21      7 heat        3.6    -4.8          -1.4     -39.2
   21      8 none        2.0     0.4           1.0      48.1
   21      9 heat       44.7     5.6          32.9      73.6
   22      0 none        0.1    -0.0           0.1       NaN
   22      1 heat       38.1     0.3          20.4      53.4
   22      2 none        1.1    -0.1           0.3      23.9
   22      3 none        5.2    -0.5           1.2      22.4
   22      4 heat        1.1    -0.1           0.2      18.5
   22      5 none        0.3    -0.0           0.1       NaN
   22      6 none        5.5     0.1           1.1      19.8
   22      7 cold        4.7     0.1           1.3      28.5
   22      8 none        0.9    -0.0           0.7      72.3
   22      9 none        5.5     0.1           0.5       9.9

ВСЕ 30 НОВИЧКОВ
  ceiling     медиана +4.1%  помогло 100%
  fund        медиана -0.0%  помогло 45%
  fund_tuned  медиана +0.6%  помогло 85%

дома, где ПОТОЛОК высокий (>5%): 9 штук
   потолок медиана +7.5%, фонд+подстройка +4.3%, забрано 22% потолка
дома, где ПОТОЛОК низкий (<=5%): 11 штук
   потолок медиана +1.1%, фонд+подстройка +0.2%
