дом 0: своё обучение →   2400.1
дом 1: своё обучение →   7676.4
дом 2: своё обучение →  16550.7
дом 3: своё обучение →    996.3
дом 4: своё обучение →   2120.6
дом 5: своё обучение →   4861.4
дом 6: своё обучение →    600.3
дом 7: своё обучение →   4561.6
дом 8: своё обучение →   1738.7
дом 9: своё обучение →  11697.0
дом 0: с нуля   2640.1  (типовая настройка   3078.8)
дом 1: с нуля   7677.0  (типовая настройка   9459.5)
дом 2: с нуля  16550.7  (типовая настройка  18364.3)
дом 3: с нуля   1132.3  (типовая настройка   1609.9)
дом 4: с нуля   2133.7  (типовая настройка   2669.1)
дом 5: с нуля   4869.5  (типовая настройка   6634.4)
дом 6: с нуля    696.8  (типовая настройка    897.7)
дом 7: с нуля   4703.6  (типовая настройка   6710.7)
дом 8: с нуля   1825.1  (типовая настройка   2138.2)
дом 9: с нуля  11716.0  (типовая настройка  13558.8)
       distance  gain_as_is  gain_tuned
count     90.00       90.00       90.00
mean       1.47       -7.31        3.40
std        0.27       18.95        4.57
min        0.99     -103.03       -3.93
25%        1.34       -8.89        0.01
50%        1.41       -1.18        0.70
75%        1.59        0.01        8.35
max        2.17       10.36       13.34
