дом 0: своё обучение →   2697.4
дом 1: своё обучение →   4745.9
дом 2: своё обучение →   7105.4
дом 3: своё обучение →   3993.2
дом 4: своё обучение →   3119.8
дом 5: своё обучение →   1528.1
дом 6: своё обучение →   1612.3
дом 7: своё обучение →   1260.1
дом 8: своё обучение →   1253.3
дом 9: своё обучение →  10758.2
дом 0: с нуля   2753.0  (типовая настройка   3497.2)
дом 1: с нуля   5141.0  (типовая настройка   6274.7)
дом 2: с нуля   7105.4  (типовая настройка   8937.8)
дом 3: с нуля   4015.8  (типовая настройка   5494.5)
дом 4: с нуля   3489.9  (типовая настройка   4826.4)
дом 5: с нуля   1584.5  (типовая настройка   2127.2)
дом 6: с нуля   1705.2  (типовая настройка   2130.2)
дом 7: с нуля   1416.9  (типовая настройка   1490.9)
дом 8: с нуля   1335.6  (типовая настройка   1405.0)
дом 9: с нуля  10758.2  (типовая настройка  12614.9)
       distance  gain_as_is  gain_tuned
count     90.00       90.00       90.00
mean       1.46       -3.98        3.73
std        0.29        9.55        3.92
min        0.87      -44.13       -1.68
25%        1.28       -7.97        0.04
50%        1.44       -2.49        2.01
75%        1.64        0.17        7.59
max        2.40       10.59       10.74
