дом 0: своё обучение →   5025.1
дом 1: своё обучение →    824.4
дом 2: своё обучение →   3325.2
дом 3: своё обучение →   1930.7
дом 4: своё обучение →  13992.8
дом 5: своё обучение →  16716.1
дом 6: своё обучение →   1921.9
дом 7: своё обучение →   1862.5
дом 8: своё обучение →    664.1
дом 9: своё обучение →   2146.6
дом 0: с нуля   5028.6  (типовая настройка   6789.1)
дом 1: с нуля    899.0  (типовая настройка   1459.0)
дом 2: с нуля   3345.3  (типовая настройка   5567.7)
дом 3: с нуля   2068.4  (типовая настройка   2383.0)
дом 4: с нуля  14004.0  (типовая настройка  15839.6)
дом 5: с нуля  16861.0  (типовая настройка  18550.3)
дом 6: с нуля   1933.1  (типовая настройка   3007.8)
дом 7: с нуля   2206.8  (типовая настройка   2222.2)
дом 8: с нуля    711.1  (типовая настройка    962.9)
дом 9: с нуля   2635.0  (типовая настройка   4057.2)
       distance  gain_as_is  gain_tuned
count     90.00       90.00       90.00
mean       1.47      -24.43        4.16
std        0.26       44.91        6.85
min        0.75     -265.07      -12.85
25%        1.31      -36.50        0.08
50%        1.46       -6.22        0.86
75%        1.64       -0.03        7.07
max        1.95       18.51       18.54
