поколение  1: записей до   0
поколение  2: записей до  20 | median  +0.8% | model  +0.5% | same_case  +1.7%
поколение  3: записей до  40 | median  +0.7% | model  +1.9% | same_case  +1.1%
поколение  4: записей до  60 | median  +1.2% | model  +2.6% | same_case  +1.5%
поколение  5: записей до  80 | median  +1.8% | model  +2.3% | same_case  +2.0%
поколение  6: записей до 100 | median  +1.0% | model  +4.5% | same_case  +1.7%
поколение  7: записей до 120 | median  +1.3% | model  +4.5% | same_case  +1.8%
поколение  8: записей до 140 | median  +1.6% | model  +4.4% | same_case  +2.3%
поколение  9: записей до 160 | median  +2.1% | model  +4.4% | same_case  +2.3%
поколение 10: записей до 180 | median  +2.3% | model  +4.6% | same_case  +2.7%

выигрыш по размеру фонда:
            gain_median  gain_model  gain_same_case
bucket                                             
(0, 20]             0.8         0.5             1.7
(20, 60]            1.1         2.3             1.3
(60, 100]           1.6         3.3             1.9
(100, 140]          1.5         4.4             1.9
(140, 200]          2.2         4.6             2.5

обычный год против года с редким событием:
       gain_median  gain_model  gain_same_case
rare                                          
False          1.4         3.3             1.9
True           1.2         4.1             1.5

по видам событий:
       gain_median      gain_model      gain_same_case     
            median size     median size         median size
rare                                                       
broken        -2.7    8      -14.8    8           -0.4    8
cold           0.8   20        4.1   20            1.1   20
heat           1.6   25        4.3   25            1.8   25
none           1.4  147        3.3  147            1.9  147
