ordinary 0 12816.2 13908.4 12813.3
ordinary 1 7163.2 7982.3 7002.5
ordinary 2 241936.9 241552.2 242355.4
ordinary 3 8201.5 8705.5 8028.9
ordinary 4 5889.4 6778.5 5931.1
ordinary 5 491669.1 491664.5 491668.9
ordinary 6 229947.8 229427.9 229627.5
ordinary 7 19035.8 18925.9 18562.8
ordinary 8 101173.5 101424.6 101100.2
ordinary 9 9466.0 10735.2 9491.3
ordinary 10 12383.8 13898.1 12382.6
ordinary 11 5216.8 6041.8 5254.9
rare 0 16820.2 17509.6 16598.2
rare 1 6791.2 7322.7 6592.7
rare 2 499196.5 499186.6 499199.0
rare 3 16398.6 19687.2 17042.9
rare 4 3415.5 3477.0 3394.2
rare 5 295937.0 296036.1 296109.3
rare 6 425527.3 425524.6 425527.3
rare 7 20379.6 21905.1 20516.5
rare 8 237968.8 239868.9 238099.8
rare 9 5732.1 5814.4 5708.4
rare 10 191033.8 192564.1 191632.6
rare 11 5538.9 5903.8 5414.8

ordinary  предок -7.3% (помог 33%)   фонд +0.0% (помог 67%)
rare      предок -1.6% (помог 17%)   фонд -0.0% (помог 42%)
