дом 0: полная жизнь    6282.8
дом 1: полная жизнь    1200.1
дом 2: полная жизнь    4104.7
дом 3: полная жизнь    2087.2
дом 4: полная жизнь   15742.4
дом 5: полная жизнь   18480.7
дом 6: полная жизнь    2678.7
дом 7: полная жизнь    2086.7
дом 8: полная жизнь     738.5
дом 9: полная жизнь    2867.6
дом 0: с нуля    6617.2   (полная жизнь    6282.8)
дом 1: с нуля    1518.7   (полная жизнь    1200.1)
дом 2: с нуля    6079.9   (полная жизнь    4104.7)
дом 3: с нуля    2397.6   (полная жизнь    2087.2)
дом 4: с нуля   15806.5   (полная жизнь   15742.4)
дом 5: с нуля   18496.1   (полная жизнь   18480.7)
дом 6: с нуля    2957.1   (полная жизнь    2678.7)
дом 7: с нуля    2578.1   (полная жизнь    2086.7)
дом 8: с нуля     954.2   (полная жизнь     738.5)
дом 9: с нуля    3385.9   (полная жизнь    2867.6)
gain_as_is   -10.45
gain_tuned    -4.92
корреляция с различием тел: as_is -0.022  tuned 0.012
