дом 0: полная жизнь    2991.4
дом 1: полная жизнь    6130.5
дом 2: полная жизнь    8894.0
дом 3: полная жизнь    5073.4
дом 4: полная жизнь    4216.5
дом 5: полная жизнь    1693.6
дом 6: полная жизнь    1801.0
дом 7: полная жизнь    1403.7
дом 8: полная жизнь    1370.8
дом 9: полная жизнь   12496.1
дом 0: с нуля    3785.7   (полная жизнь    2991.4)
дом 1: с нуля    6355.6   (полная жизнь    6130.5)
дом 2: с нуля    8910.9   (полная жизнь    8894.0)
дом 3: с нуля    5519.8   (полная жизнь    5073.4)
дом 4: с нуля    4440.2   (полная жизнь    4216.5)
дом 5: с нуля    2285.1   (полная жизнь    1693.6)
дом 6: с нуля    2390.6   (полная жизнь    1801.0)
дом 7: с нуля    1784.1   (полная жизнь    1403.7)
дом 8: с нуля    1591.5   (полная жизнь    1370.8)
дом 9: с нуля   12533.0   (полная жизнь   12496.1)
gain_as_is   -0.04
gain_tuned    2.94
корреляция с различием тел: as_is -0.088  tuned -0.152
