дом 0: полная жизнь    2672.8
дом 1: полная жизнь    9415.1
дом 2: полная жизнь   18337.1
дом 3: полная жизнь    1164.9
дом 4: полная жизнь    2233.9
дом 5: полная жизнь    6235.7
дом 6: полная жизнь     646.3
дом 7: полная жизнь    5973.0
дом 8: полная жизнь    2026.0
дом 9: полная жизнь   13429.5
дом 0: с нуля    3172.1   (полная жизнь    2672.8)
дом 1: с нуля    9468.7   (полная жизнь    9415.1)
дом 2: с нуля   18347.2   (полная жизнь   18337.1)
дом 3: с нуля    1676.0   (полная жизнь    1164.9)
дом 4: с нуля    3034.7   (полная жизнь    2233.9)
дом 5: с нуля    6503.7   (полная жизнь    6235.7)
дом 6: с нуля     693.7   (полная жизнь     646.3)
дом 7: с нуля    6179.8   (полная жизнь    5973.0)
дом 8: с нуля    2532.8   (полная жизнь    2026.0)
дом 9: с нуля   13513.9   (полная жизнь   13429.5)
gain_as_is   -0.20
gain_tuned    3.58
корреляция с различием тел: as_is -0.370  tuned -0.266
