дом 0: своё обучение →   2163.9
дом 1: своё обучение →   2601.1
дом 2: своё обучение →   4192.7
дом 3: своё обучение →   2513.1
дом 4: своё обучение →   1466.4
дом 5: своё обучение →   1192.9
дом 6: своё обучение →   1190.0
дом 7: своё обучение →   1056.2
дом 8: своё обучение →   1108.4
дом 9: своё обучение →   7183.6
дом 0: с нуля   2315.7  (типовая настройка   3497.2)
дом 1: с нуля   2622.0  (типовая настройка   6274.7)
дом 2: с нуля   4199.9  (типовая настройка   8937.8)
дом 3: с нуля   2524.1  (типовая настройка   5494.5)
дом 4: с нуля   2002.2  (типовая настройка   4826.4)
дом 5: с нуля   1227.2  (типовая настройка   2127.2)
дом 6: с нуля   1345.1  (типовая настройка   2130.2)
дом 7: с нуля   1097.5  (типовая настройка   1490.9)
дом 8: с нуля   1189.2  (типовая настройка   1405.0)
дом 9: с нуля   7188.9  (типовая настройка  12614.9)
       distance  gain_as_is  gain_tuned
count     90.00       90.00       90.00
mean       1.46       -6.46        4.89
std        0.29       12.06        7.84
min        0.87      -32.19       -4.91
25%        1.28      -15.40        0.12
50%        1.44       -3.97        1.46
75%        1.64       -0.03        6.54
max        2.40       26.21       26.70
