дом 0: своё обучение →   3117.0
дом 1: своё обучение →    641.9
дом 2: своё обучение →   3728.6
дом 3: своё обучение →   1613.7
дом 4: своё обучение →  10392.8
дом 5: своё обучение →  13117.5
дом 6: своё обучение →   1030.9
дом 7: своё обучение →   1524.6
дом 8: своё обучение →    466.0
дом 9: своё обучение →   1456.6
дом 0: с нуля   3119.6  (типовая настройка   6789.1)
дом 1: с нуля    657.1  (типовая настройка   1459.0)
дом 2: с нуля   3492.2  (типовая настройка   5567.7)
дом 3: с нуля   1698.2  (типовая настройка   2383.0)
дом 4: с нуля  12649.7  (типовая настройка  15839.6)
дом 5: с нуля  13657.4  (типовая настройка  18550.3)
дом 6: с нуля   1092.5  (типовая настройка   3007.8)
дом 7: с нуля   1538.8  (типовая настройка   2222.2)
дом 8: с нуля    498.3  (типовая настройка    962.9)
дом 9: с нуля   1580.0  (типовая настройка   4057.2)
       distance  gain_as_is  gain_tuned
count     90.00       90.00       90.00
mean       1.47      -19.63        4.05
std        0.26       38.40        5.67
min        0.75     -214.62       -7.56
25%        1.31      -28.25        0.79
50%        1.46       -6.58        3.96
75%        1.64        2.87        5.59
max        1.95       17.82       17.84
