ordinary 1 час 0 21362.8 16526.0 18431.2
ordinary 1 час 1 159071.2 159038.4 158966.4
ordinary 1 час 2 147287.7 147087.3 146786.1
ordinary 1 час 3 8396.4 9357.2 8528.7
ordinary 1 час 4 14770.0 13231.4 13420.1
ordinary 1 час 5 9999.5 10259.2 9794.0
ordinary 1 час 6 12236.3 13446.2 12495.3
ordinary 1 час 7 33167.2 32780.9 32609.2
ordinary 1 час 8 31071.2 31302.3 30982.4
ordinary 1 час 9 8691.2 9396.2 8617.2
ordinary 10 мин 0 12325.1 12966.9 12238.3
ordinary 10 мин 1 163217.6 163169.3 163162.9
ordinary 10 мин 2 153450.4 153420.0 153348.0
ordinary 10 мин 3 8110.8 9123.9 8200.0
ordinary 10 мин 4 11703.3 11732.9 11394.3
ordinary 10 мин 5 7725.2 8496.3 7798.2
ordinary 10 мин 6 12176.0 13275.5 12256.9
ordinary 10 мин 7 32224.9 32359.5 31927.2
ordinary 10 мин 8 31705.0 31761.0 31558.6
ordinary 10 мин 9 8149.1 8997.1 8227.8
rare 1 час 0 9938.4 12383.0 9994.0
rare 1 час 1 52912.8 53150.5 52897.9
rare 1 час 2 44195.6 45886.6 44184.6
rare 1 час 3 14159.5 14714.7 14131.6
rare 1 час 4 28053.4 34328.6 28015.7
rare 1 час 5 25196.5 27878.5 25142.1
rare 1 час 6 21508.0 22125.5 21454.9
rare 1 час 7 16432.2 18458.6 16427.2
rare 1 час 8 16484.1 16917.3 16443.9
rare 1 час 9 4571.3 4801.1 4546.6
rare 10 мин 0 7292.9 7936.7 7221.1
rare 10 мин 1 55632.8 55962.4 55595.5
rare 10 мин 2 48261.8 48852.0 48227.7
rare 10 мин 3 13838.5 14398.3 13763.0
rare 10 мин 4 25411.9 27609.8 25381.2
rare 10 мин 5 23053.7 24030.0 23014.6
rare 10 мин 6 21528.7 22033.0 21418.1
rare 10 мин 7 14322.6 15198.5 14196.1
rare 10 мин 8 16546.2 16936.4 16488.9
rare 10 мин 9 4360.1 4527.2 4314.5

год        шаг                  предок               фонд
ordinary   1 час        -0.4% (помог  50%)     +0.6% (помог  80%)
ordinary   10 мин       -2.8% (помог  20%)     +0.1% (помог  60%)
rare       1 час        -4.5% (помог   0%)     +0.2% (помог  90%)
rare       10 мин       -3.9% (помог   0%)     +0.4% (помог 100%)
